// Jest Snapshot v1, https://goo.gl/fbAQLP

exports[`renders learn react link 1`] = `
<div>
  <main
    class="home container"
  >
    <img
      alt="logo"
      class="logo"
      src="logo.svg"
    />
    <h1>
      React Test Bench
    </h1>
    <p>
      An intentionally vulnerable React app for demonstrating Contrast Security.
    </p>
  </main>
</div>
`;
